// Jest Snapshot v1, https://goo.gl/fbAQLP

exports[`SideMenu renders properly 1`] = `
ShallowWrapper {
  Symbol(enzyme.__root__): [Circular],
  Symbol(enzyme.__unrendered__): <SideMenu
    clicked={[MockFunction]}
    dogList={[MockFunction]}
    initiateDogs={[MockFunction]}
  />,
  Symbol(enzyme.__renderer__): Object {
    "batchedUpdates": [Function],
    "checkPropTypes": [Function],
    "getNode": [Function],
    "render": [Function],
    "simulateError": [Function],
    "simulateEvent": [Function],
    "unmount": [Function],
  },
  Symbol(enzyme.__node__): Object {
    "instance": null,
    "key": undefined,
    "nodeType": "host",
    "props": Object {
      "children": Array [
        <a
          style={
            Object {
              "marginTop": "-10px",
            }
          }
        >
          <img
            className="img-responsive myLogo"
            src="downtown-dogs4.jpg"
          />
        </a>,
        <div
          className="form-group"
        >
          <label>
            Choose dog type:
          </label>
          <input
            className="form-control"
            id="dogType"
            name="dogType"
            onChange={[Function]}
            placeholder="exp. akita"
            type="text"
          />
        </div>,
        <div
          style={
            Object {
              "height": "65vh",
              "overflow": "scroll",
              "overflowX": "hidden",
              "width": "100%",
            }
          }
        />,
        <div>
          <i
            className="glyphicon glyphicon-menu-down"
          />
        </div>,
      ],
      "className": "sideNav",
    },
    "ref": null,
    "rendered": Array [
      Object {
        "instance": null,
        "key": undefined,
        "nodeType": "host",
        "props": Object {
          "children": <img
            className="img-responsive myLogo"
            src="downtown-dogs4.jpg"
          />,
          "style": Object {
            "marginTop": "-10px",
          },
        },
        "ref": null,
        "rendered": Object {
          "instance": null,
          "key": undefined,
          "nodeType": "host",
          "props": Object {
            "className": "img-responsive myLogo",
            "src": "downtown-dogs4.jpg",
          },
          "ref": null,
          "rendered": null,
          "type": "img",
        },
        "type": "a",
      },
      Object {
        "instance": null,
        "key": undefined,
        "nodeType": "host",
        "props": Object {
          "children": Array [
            <label>
              Choose dog type:
            </label>,
            <input
              className="form-control"
              id="dogType"
              name="dogType"
              onChange={[Function]}
              placeholder="exp. akita"
              type="text"
            />,
          ],
          "className": "form-group",
        },
        "ref": null,
        "rendered": Array [
          Object {
            "instance": null,
            "key": undefined,
            "nodeType": "host",
            "props": Object {
              "children": "Choose dog type:",
            },
            "ref": null,
            "rendered": "Choose dog type:",
            "type": "label",
          },
          Object {
            "instance": null,
            "key": undefined,
            "nodeType": "host",
            "props": Object {
              "className": "form-control",
              "id": "dogType",
              "name": "dogType",
              "onChange": [Function],
              "placeholder": "exp. akita",
              "type": "text",
            },
            "ref": null,
            "rendered": null,
            "type": "input",
          },
        ],
        "type": "div",
      },
      Object {
        "instance": null,
        "key": undefined,
        "nodeType": "host",
        "props": Object {
          "children": Array [],
          "style": Object {
            "height": "65vh",
            "overflow": "scroll",
            "overflowX": "hidden",
            "width": "100%",
          },
        },
        "ref": null,
        "rendered": Array [],
        "type": "div",
      },
      Object {
        "instance": null,
        "key": undefined,
        "nodeType": "host",
        "props": Object {
          "children": <i
            className="glyphicon glyphicon-menu-down"
          />,
        },
        "ref": null,
        "rendered": Object {
          "instance": null,
          "key": undefined,
          "nodeType": "host",
          "props": Object {
            "className": "glyphicon glyphicon-menu-down",
          },
          "ref": null,
          "rendered": null,
          "type": "i",
        },
        "type": "div",
      },
    ],
    "type": "div",
  },
  Symbol(enzyme.__nodes__): Array [
    Object {
      "instance": null,
      "key": undefined,
      "nodeType": "host",
      "props": Object {
        "children": Array [
          <a
            style={
              Object {
                "marginTop": "-10px",
              }
            }
          >
            <img
              className="img-responsive myLogo"
              src="downtown-dogs4.jpg"
            />
          </a>,
          <div
            className="form-group"
          >
            <label>
              Choose dog type:
            </label>
            <input
              className="form-control"
              id="dogType"
              name="dogType"
              onChange={[Function]}
              placeholder="exp. akita"
              type="text"
            />
          </div>,
          <div
            style={
              Object {
                "height": "65vh",
                "overflow": "scroll",
                "overflowX": "hidden",
                "width": "100%",
              }
            }
          />,
          <div>
            <i
              className="glyphicon glyphicon-menu-down"
            />
          </div>,
        ],
        "className": "sideNav",
      },
      "ref": null,
      "rendered": Array [
        Object {
          "instance": null,
          "key": undefined,
          "nodeType": "host",
          "props": Object {
            "children": <img
              className="img-responsive myLogo"
              src="downtown-dogs4.jpg"
            />,
            "style": Object {
              "marginTop": "-10px",
            },
          },
          "ref": null,
          "rendered": Object {
            "instance": null,
            "key": undefined,
            "nodeType": "host",
            "props": Object {
              "className": "img-responsive myLogo",
              "src": "downtown-dogs4.jpg",
            },
            "ref": null,
            "rendered": null,
            "type": "img",
          },
          "type": "a",
        },
        Object {
          "instance": null,
          "key": undefined,
          "nodeType": "host",
          "props": Object {
            "children": Array [
              <label>
                Choose dog type:
              </label>,
              <input
                className="form-control"
                id="dogType"
                name="dogType"
                onChange={[Function]}
                placeholder="exp. akita"
                type="text"
              />,
            ],
            "className": "form-group",
          },
          "ref": null,
          "rendered": Array [
            Object {
              "instance": null,
              "key": undefined,
              "nodeType": "host",
              "props": Object {
                "children": "Choose dog type:",
              },
              "ref": null,
              "rendered": "Choose dog type:",
              "type": "label",
            },
            Object {
              "instance": null,
              "key": undefined,
              "nodeType": "host",
              "props": Object {
                "className": "form-control",
                "id": "dogType",
                "name": "dogType",
                "onChange": [Function],
                "placeholder": "exp. akita",
                "type": "text",
              },
              "ref": null,
              "rendered": null,
              "type": "input",
            },
          ],
          "type": "div",
        },
        Object {
          "instance": null,
          "key": undefined,
          "nodeType": "host",
          "props": Object {
            "children": Array [],
            "style": Object {
              "height": "65vh",
              "overflow": "scroll",
              "overflowX": "hidden",
              "width": "100%",
            },
          },
          "ref": null,
          "rendered": Array [],
          "type": "div",
        },
        Object {
          "instance": null,
          "key": undefined,
          "nodeType": "host",
          "props": Object {
            "children": <i
              className="glyphicon glyphicon-menu-down"
            />,
          },
          "ref": null,
          "rendered": Object {
            "instance": null,
            "key": undefined,
            "nodeType": "host",
            "props": Object {
              "className": "glyphicon glyphicon-menu-down",
            },
            "ref": null,
            "rendered": null,
            "type": "i",
          },
          "type": "div",
        },
      ],
      "type": "div",
    },
  ],
  Symbol(enzyme.__options__): Object {
    "adapter": ReactSixteenAdapter {
      "options": Object {
        "enableComponentDidUpdateOnSetState": true,
        "legacyContextMode": "parent",
        "lifecycles": Object {
          "componentDidUpdate": Object {
            "onSetState": true,
          },
          "getChildContext": Object {
            "calledByRenderer": false,
          },
          "getDerivedStateFromProps": true,
          "getSnapshotBeforeUpdate": true,
          "setState": Object {
            "skipsComponentDidUpdateOnNullish": true,
          },
        },
      },
    },
    "disableLifecycleMethods": true,
  },
}
`;
